// Jest Snapshot v1, https://goo.gl/fbAQLP

exports[`<AddCrops/> renders correctly 1`] = `
<View
  onLayout={[Function]}
  style={
    [
      {
        "flex": 1,
      },
      {
        "paddingBottom": 0,
      },
    ]
  }
>
  <View
    accessibilityState={
      {
        "busy": undefined,
        "checked": undefined,
        "disabled": undefined,
        "expanded": undefined,
        "selected": undefined,
      }
    }
    accessible={true}
    focusable={true}
    onClick={[Function]}
    onResponderGrant={[Function]}
    onResponderMove={[Function]}
    onResponderRelease={[Function]}
    onResponderTerminate={[Function]}
    onResponderTerminationRequest={[Function]}
    onStartShouldSetResponder={[Function]}
    style={
      [
        {
          "backgroundColor": "#97A5BF",
          "height": "100%",
        },
        false,
      ]
    }
  >
    <View
      style={
        [
          {
            "backgroundColor": "#F1DDBF",
            "borderColor": "#1E1E1E",
            "borderWidth": 1,
            "padding": 18,
          },
          false,
        ]
      }
    >
      <View
        style={
          {
            "alignItems": "center",
            "flexDirection": "row",
            "position": "relative",
          }
        }
      >
        <Text
          style={
            [
              {
                "alignContent": "center",
                "flex": 1,
                "fontFamily": "Domine-Medium",
                "fontSize": 42,
                "textAlign": "right",
              },
              false,
            ]
          }
        >
          Add Crop
        </Text>
        <View
          style={
            {
              "backgroundColor": "#00DC40",
              "borderBottomLeftRadius": 140,
              "borderBottomRightRadius": 140,
              "height": 70,
              "left": 0,
              "overflow": "hidden",
              "position": "absolute",
              "top": -19,
              "width": 140,
            }
          }
        />
      </View>
    </View>
    <View>
      <View
        style={
          {
            "alignItems": "center",
            "backgroundColor": "#00DC40",
            "borderRadius": 20,
            "height": 40,
            "justifyContent": "center",
            "marginLeft": 370,
            "marginTop": 10,
            "position": "absolute",
            "width": 40,
          }
        }
      >
        <View
          accessibilityState={
            {
              "busy": undefined,
              "checked": undefined,
              "disabled": undefined,
              "expanded": undefined,
              "selected": undefined,
            }
          }
          accessibilityValue={
            {
              "max": undefined,
              "min": undefined,
              "now": undefined,
              "text": undefined,
            }
          }
          accessible={true}
          collapsable={false}
          focusable={true}
          onClick={[Function]}
          onResponderGrant={[Function]}
          onResponderMove={[Function]}
          onResponderRelease={[Function]}
          onResponderTerminate={[Function]}
          onResponderTerminationRequest={[Function]}
          onStartShouldSetResponder={[Function]}
          style={
            {
              "opacity": 1,
            }
          }
          testID=""
        >
          <Text
            allowFontScaling={false}
            selectable={false}
            style={
              [
                {
                  "color": "#1E1E1E",
                  "fontSize": 30,
                },
                undefined,
                {
                  "fontFamily": "material-community",
                  "fontStyle": "normal",
                  "fontWeight": "normal",
                },
                {},
              ]
            }
          >
            ó°†“
          </Text>
        </View>
      </View>
      <View
        style={
          {
            "alignItems": "center",
            "height": 40,
            "justifyContent": "center",
            "marginLeft": 10,
            "width": 40,
          }
        }
      >
        <View
          accessibilityState={
            {
              "busy": undefined,
              "checked": undefined,
              "disabled": undefined,
              "expanded": undefined,
              "selected": undefined,
            }
          }
          accessibilityValue={
            {
              "max": undefined,
              "min": undefined,
              "now": undefined,
              "text": undefined,
            }
          }
          accessible={true}
          collapsable={false}
          focusable={true}
          onClick={[Function]}
          onResponderGrant={[Function]}
          onResponderMove={[Function]}
          onResponderRelease={[Function]}
          onResponderTerminate={[Function]}
          onResponderTerminationRequest={[Function]}
          onStartShouldSetResponder={[Function]}
          style={
            {
              "opacity": 1,
            }
          }
          testID=""
        >
          <Image
            source={1}
            style={{}}
          />
        </View>
      </View>
    </View>
    <RCTScrollView>
      <View>
        <View
          style={
            {
              "marginTop": 20,
            }
          }
        />
        <Text
          style={
            [
              {
                "alignSelf": "flex-start",
                "backgroundColor": "white",
                "borderColor": "white",
                "fontFamily": "Domine-Regular",
                "fontSize": 16,
                "marginLeft": "15%",
                "marginTop": -15,
                "zIndex": 10,
              },
              false,
            ]
          }
        >
          Crop Name
        </Text>
        <View
          style={
            {
              "paddingHorizontal": 10,
              "width": "100%",
            }
          }
        >
          <View
            collapsable={false}
            style={
              {
                "alignItems": "center",
                "backgroundColor": "white",
                "borderBottomWidth": 2,
                "borderColor": "#1E1E1E",
                "borderRadius": 12,
                "borderWidth": 2,
                "flexDirection": "row",
                "height": 40,
                "marginLeft": "5%",
                "marginRight": "5%",
                "marginTop": -5,
                "overflow": "hidden",
                "transform": [
                  {
                    "translateX": 0,
                  },
                ],
                "width": "90%",
                "zIndex": 1,
              }
            }
          >
            <TextInput
              editable={true}
              maxLength={128}
              onChangeText={[Function]}
              placeholder="name"
              placeholderTextColor="#86939e"
              style={
                {
                  "color": "#242424",
                  "flex": 1,
                  "fontSize": 16,
                  "minHeight": 40,
                }
              }
              testID="name-input"
              underlineColorAndroid="transparent"
            />
          </View>
          <Text
            style={
              {
                "color": "#ff190c",
                "fontSize": 12,
                "margin": 5,
              }
            }
          />
        </View>
        <Text
          style={
            [
              {
                "alignSelf": "flex-start",
                "backgroundColor": "white",
                "borderColor": "white",
                "fontFamily": "Domine-Regular",
                "fontSize": 16,
                "marginLeft": "15%",
                "marginTop": -15,
                "zIndex": 10,
              },
              false,
            ]
          }
        >
          Variety
        </Text>
        <View
          style={
            {
              "paddingHorizontal": 10,
              "width": "100%",
            }
          }
        >
          <View
            collapsable={false}
            style={
              {
                "alignItems": "center",
                "backgroundColor": "white",
                "borderBottomWidth": 2,
                "borderColor": "#1E1E1E",
                "borderRadius": 12,
                "borderWidth": 2,
                "flexDirection": "row",
                "height": 40,
                "marginLeft": "5%",
                "marginRight": "5%",
                "marginTop": -5,
                "overflow": "hidden",
                "transform": [
                  {
                    "translateX": 0,
                  },
                ],
                "width": "90%",
                "zIndex": 1,
              }
            }
          >
            <TextInput
              editable={true}
              maxLength={128}
              onChangeText={[Function]}
              placeholder=" Variety"
              placeholderTextColor="#86939e"
              style={
                {
                  "color": "#242424",
                  "flex": 1,
                  "fontSize": 16,
                  "minHeight": 40,
                }
              }
              testID="RNE__Input__text-input"
              underlineColorAndroid="transparent"
            />
          </View>
          <Text
            style={
              {
                "color": "#ff190c",
                "fontSize": 12,
                "margin": 5,
              }
            }
          />
        </View>
        <Text
          style={
            [
              {
                "alignSelf": "flex-start",
                "backgroundColor": "white",
                "borderColor": "white",
                "fontFamily": "Domine-Regular",
                "fontSize": 16,
                "marginLeft": "15%",
                "marginTop": -15,
                "zIndex": 10,
              },
              false,
            ]
          }
        >
          Source
        </Text>
        <View
          style={
            {
              "paddingHorizontal": 10,
              "width": "100%",
            }
          }
        >
          <View
            collapsable={false}
            style={
              {
                "alignItems": "center",
                "backgroundColor": "white",
                "borderBottomWidth": 2,
                "borderColor": "#1E1E1E",
                "borderRadius": 12,
                "borderWidth": 2,
                "flexDirection": "row",
                "height": 40,
                "marginLeft": "5%",
                "marginRight": "5%",
                "marginTop": -5,
                "overflow": "hidden",
                "transform": [
                  {
                    "translateX": 0,
                  },
                ],
                "width": "90%",
                "zIndex": 1,
              }
            }
          >
            <TextInput
              editable={true}
              maxLength={128}
              onChangeText={[Function]}
              placeholder=" Source"
              placeholderTextColor="#86939e"
              style={
                {
                  "color": "#242424",
                  "flex": 1,
                  "fontSize": 16,
                  "minHeight": 40,
                }
              }
              testID="RNE__Input__text-input"
              underlineColorAndroid="transparent"
            />
          </View>
          <Text
            style={
              {
                "color": "#ff190c",
                "fontSize": 12,
                "margin": 5,
              }
            }
          />
        </View>
        <Text
          style={
            [
              {
                "alignSelf": "flex-start",
                "backgroundColor": "white",
                "borderColor": "white",
                "fontFamily": "Domine-Regular",
                "fontSize": 16,
                "marginLeft": "15%",
                "marginTop": -15,
                "zIndex": 10,
              },
              false,
            ]
          }
        >
          Date Planted
        </Text>
        <View
          style={
            {
              "paddingHorizontal": 10,
              "width": "100%",
            }
          }
        >
          <View
            collapsable={false}
            style={
              {
                "alignItems": "center",
                "backgroundColor": "white",
                "borderBottomWidth": 2,
                "borderColor": "#1E1E1E",
                "borderRadius": 12,
                "borderWidth": 2,
                "flexDirection": "row",
                "height": 40,
                "marginLeft": "5%",
                "marginRight": "5%",
                "marginTop": -5,
                "overflow": "hidden",
                "transform": [
                  {
                    "translateX": 0,
                  },
                ],
                "width": "90%",
                "zIndex": 1,
              }
            }
          >
            <TextInput
              editable={true}
              maxLength={10}
              onChangeText={[Function]}
              placeholder=" Date Planted"
              placeholderTextColor="#86939e"
              style={
                {
                  "color": "#242424",
                  "flex": 1,
                  "fontSize": 16,
                  "minHeight": 40,
                }
              }
              testID="RNE__Input__text-input"
              underlineColorAndroid="transparent"
            />
          </View>
          <Text
            style={
              {
                "color": "#ff190c",
                "fontSize": 12,
                "margin": 5,
              }
            }
          />
        </View>
        <Text
          style={
            [
              {
                "alignSelf": "flex-start",
                "backgroundColor": "white",
                "borderColor": "white",
                "fontFamily": "Domine-Regular",
                "fontSize": 16,
                "marginLeft": "15%",
                "marginTop": -15,
                "zIndex": 10,
              },
              false,
            ]
          }
        >
          Location
        </Text>
        <View
          style={
            {
              "paddingHorizontal": 10,
              "width": "100%",
            }
          }
        >
          <View
            collapsable={false}
            style={
              {
                "alignItems": "center",
                "backgroundColor": "white",
                "borderBottomWidth": 2,
                "borderColor": "#1E1E1E",
                "borderRadius": 12,
                "borderWidth": 2,
                "flexDirection": "row",
                "height": 40,
                "marginLeft": "5%",
                "marginRight": "5%",
                "marginTop": -5,
                "overflow": "hidden",
                "transform": [
                  {
                    "translateX": 0,
                  },
                ],
                "width": "90%",
                "zIndex": 1,
              }
            }
          >
            <TextInput
              editable={true}
              maxLength={128}
              onChangeText={[Function]}
              placeholder=" Location"
              placeholderTextColor="#86939e"
              style={
                {
                  "color": "#242424",
                  "flex": 1,
                  "fontSize": 16,
                  "minHeight": 40,
                }
              }
              testID="RNE__Input__text-input"
              underlineColorAndroid="transparent"
            />
          </View>
          <Text
            style={
              {
                "color": "#ff190c",
                "fontSize": 12,
                "margin": 5,
              }
            }
          />
        </View>
        <Text
          style={
            [
              {
                "alignSelf": "flex-start",
                "backgroundColor": "white",
                "borderColor": "white",
                "fontFamily": "Domine-Regular",
                "fontSize": 16,
                "marginLeft": "15%",
                "marginTop": -15,
                "zIndex": 10,
              },
              false,
            ]
          }
        >
          Comments
        </Text>
        <View
          style={
            {
              "paddingHorizontal": 10,
              "width": "100%",
            }
          }
        >
          <View
            collapsable={false}
            style={
              {
                "alignItems": "center",
                "backgroundColor": "white",
                "borderBottomWidth": 2,
                "borderColor": "#1E1E1E",
                "borderRadius": 12,
                "borderWidth": 2,
                "flexDirection": "row",
                "height": 40,
                "marginLeft": "5%",
                "marginRight": "5%",
                "marginTop": -5,
                "overflow": "hidden",
                "transform": [
                  {
                    "translateX": 0,
                  },
                ],
                "width": "90%",
                "zIndex": 1,
              }
            }
          >
            <TextInput
              editable={true}
              maxLength={1024}
              onChangeText={[Function]}
              placeholder=" Comments"
              placeholderTextColor="#86939e"
              style={
                {
                  "color": "#242424",
                  "flex": 1,
                  "fontSize": 16,
                  "minHeight": 40,
                }
              }
              testID="RNE__Input__text-input"
              underlineColorAndroid="transparent"
            />
          </View>
          <Text
            style={
              {
                "color": "#ff190c",
                "fontSize": 12,
                "margin": 5,
              }
            }
          />
        </View>
        <Text
          style={
            [
              {
                "alignSelf": "flex-start",
                "backgroundColor": "white",
                "borderColor": "white",
                "fontFamily": "Domine-Regular",
                "fontSize": 16,
                "marginLeft": "15%",
                "marginTop": -15,
                "zIndex": 10,
              },
              false,
            ]
          }
        >
          Started Indoors?
        </Text>
        <View
          style={
            {
              "paddingHorizontal": 10,
              "width": "100%",
            }
          }
        >
          <View
            collapsable={false}
            style={
              {
                "alignItems": "center",
                "backgroundColor": "white",
                "borderBottomWidth": 2,
                "borderColor": "#1E1E1E",
                "borderRadius": 12,
                "borderWidth": 2,
                "flexDirection": "row",
                "height": 40,
                "marginLeft": "5%",
                "marginRight": "5%",
                "marginTop": -5,
                "overflow": "hidden",
                "transform": [
                  {
                    "translateX": 0,
                  },
                ],
                "width": "90%",
                "zIndex": 1,
              }
            }
          >
            <TextInput
              editable={true}
              maxLength={3}
              onChangeText={[Function]}
              placeholder=" Indoors? (Y/N)"
              placeholderTextColor="#86939e"
              style={
                {
                  "color": "#242424",
                  "flex": 1,
                  "fontSize": 16,
                  "minHeight": 40,
                }
              }
              testID="RNE__Input__text-input"
              underlineColorAndroid="transparent"
            />
          </View>
          <Text
            style={
              {
                "color": "#ff190c",
                "fontSize": 12,
                "margin": 5,
              }
            }
          />
        </View>
        <Text
          style={
            [
              {
                "alignSelf": "flex-start",
                "backgroundColor": "white",
                "borderColor": "white",
                "fontFamily": "Domine-Regular",
                "fontSize": 16,
                "marginLeft": "15%",
                "marginTop": -15,
                "zIndex": 10,
              },
              false,
            ]
          }
        >
          Active
        </Text>
        <View
          style={
            {
              "paddingHorizontal": 10,
              "width": "100%",
            }
          }
        >
          <View
            collapsable={false}
            style={
              {
                "alignItems": "center",
                "backgroundColor": "white",
                "borderBottomWidth": 2,
                "borderColor": "#1E1E1E",
                "borderRadius": 12,
                "borderWidth": 2,
                "flexDirection": "row",
                "height": 40,
                "marginLeft": "5%",
                "marginRight": "5%",
                "marginTop": -5,
                "overflow": "hidden",
                "transform": [
                  {
                    "translateX": 0,
                  },
                ],
                "width": "90%",
                "zIndex": 1,
              }
            }
          >
            <TextInput
              editable={true}
              maxLength={3}
              onChangeText={[Function]}
              placeholder=" Active"
              placeholderTextColor="#86939e"
              style={
                {
                  "color": "#242424",
                  "flex": 1,
                  "fontSize": 16,
                  "minHeight": 40,
                }
              }
              testID="RNE__Input__text-input"
              underlineColorAndroid="transparent"
            />
          </View>
          <Text
            style={
              {
                "color": "#ff190c",
                "fontSize": 12,
                "margin": 5,
              }
            }
          />
        </View>
        <Text
          style={
            [
              {
                "alignSelf": "flex-start",
                "backgroundColor": "white",
                "borderColor": "white",
                "fontFamily": "Domine-Regular",
                "fontSize": 16,
                "marginLeft": "15%",
                "marginTop": -15,
                "zIndex": 10,
              },
              false,
            ]
          }
        >
          Type
        </Text>
        <View
          style={
            {
              "paddingHorizontal": 10,
              "width": "100%",
            }
          }
        >
          <View
            collapsable={false}
            style={
              {
                "alignItems": "center",
                "backgroundColor": "white",
                "borderBottomWidth": 2,
                "borderColor": "#1E1E1E",
                "borderRadius": 12,
                "borderWidth": 2,
                "flexDirection": "row",
                "height": 40,
                "marginLeft": "5%",
                "marginRight": "5%",
                "marginTop": -5,
                "overflow": "hidden",
                "transform": [
                  {
                    "translateX": 0,
                  },
                ],
                "width": "90%",
                "zIndex": 1,
              }
            }
          >
            <TextInput
              editable={true}
              maxLength={64}
              onChangeText={[Function]}
              placeholder=" Type"
              placeholderTextColor="#86939e"
              style={
                {
                  "color": "#242424",
                  "flex": 1,
                  "fontSize": 16,
                  "minHeight": 40,
                }
              }
              testID="RNE__Input__text-input"
              underlineColorAndroid="transparent"
            />
          </View>
          <Text
            style={
              {
                "color": "#ff190c",
                "fontSize": 12,
                "margin": 5,
              }
            }
          />
        </View>
        <Text
          style={
            [
              {
                "alignSelf": "flex-start",
                "backgroundColor": "white",
                "borderColor": "white",
                "fontFamily": "Domine-Regular",
                "fontSize": 16,
                "marginLeft": "15%",
                "marginTop": -15,
                "zIndex": 10,
              },
              false,
            ]
          }
        >
          Medium
        </Text>
        <View
          style={
            {
              "paddingHorizontal": 10,
              "width": "100%",
            }
          }
        >
          <View
            collapsable={false}
            style={
              {
                "alignItems": "center",
                "backgroundColor": "white",
                "borderBottomWidth": 2,
                "borderColor": "#1E1E1E",
                "borderRadius": 12,
                "borderWidth": 2,
                "flexDirection": "row",
                "height": 40,
                "marginLeft": "5%",
                "marginRight": "5%",
                "marginTop": -5,
                "overflow": "hidden",
                "transform": [
                  {
                    "translateX": 0,
                  },
                ],
                "width": "90%",
                "zIndex": 1,
              }
            }
          >
            <TextInput
              editable={true}
              maxLength={64}
              onChangeText={[Function]}
              placeholder=" Medium"
              placeholderTextColor="#86939e"
              style={
                {
                  "color": "#242424",
                  "flex": 1,
                  "fontSize": 16,
                  "minHeight": 40,
                }
              }
              testID="RNE__Input__text-input"
              underlineColorAndroid="transparent"
            />
          </View>
          <Text
            style={
              {
                "color": "#ff190c",
                "fontSize": 12,
                "margin": 5,
              }
            }
          />
        </View>
        <Text
          style={
            [
              {
                "alignSelf": "flex-start",
                "backgroundColor": "white",
                "borderColor": "white",
                "fontFamily": "Domine-Regular",
                "fontSize": 16,
                "marginLeft": "15%",
                "marginTop": -15,
                "zIndex": 10,
              },
              false,
            ]
          }
        >
          HRF Number
        </Text>
        <View
          style={
            {
              "paddingHorizontal": 10,
              "width": "100%",
            }
          }
        >
          <View
            collapsable={false}
            style={
              {
                "alignItems": "center",
                "backgroundColor": "white",
                "borderBottomWidth": 2,
                "borderColor": "#1E1E1E",
                "borderRadius": 12,
                "borderWidth": 2,
                "flexDirection": "row",
                "height": 40,
                "marginLeft": "5%",
                "marginRight": "5%",
                "marginTop": -5,
                "overflow": "hidden",
                "transform": [
                  {
                    "translateX": 0,
                  },
                ],
                "width": "90%",
                "zIndex": 1,
              }
            }
          >
            <TextInput
              editable={true}
              maxLength={64}
              onChangeText={[Function]}
              placeholder=" HRF Number"
              placeholderTextColor="#86939e"
              style={
                {
                  "color": "#242424",
                  "flex": 1,
                  "fontSize": 16,
                  "minHeight": 40,
                }
              }
              testID="RNE__Input__text-input"
              underlineColorAndroid="transparent"
            />
          </View>
          <Text
            style={
              {
                "color": "#ff190c",
                "fontSize": 12,
                "margin": 5,
              }
            }
          />
        </View>
        <Text
          style={
            [
              {
                "alignSelf": "flex-start",
                "backgroundColor": "white",
                "borderColor": "white",
                "fontFamily": "Domine-Regular",
                "fontSize": 16,
                "marginLeft": "15%",
                "marginTop": -15,
                "zIndex": 10,
              },
              false,
            ]
          }
        >
          Yield
        </Text>
        <View
          style={
            {
              "paddingHorizontal": 10,
              "width": "100%",
            }
          }
        >
          <View
            collapsable={false}
            style={
              {
                "alignItems": "center",
                "backgroundColor": "white",
                "borderBottomWidth": 2,
                "borderColor": "#1E1E1E",
                "borderRadius": 12,
                "borderWidth": 2,
                "flexDirection": "row",
                "height": 40,
                "marginLeft": "5%",
                "marginRight": "5%",
                "marginTop": -5,
                "overflow": "hidden",
                "transform": [
                  {
                    "translateX": 0,
                  },
                ],
                "width": "90%",
                "zIndex": 1,
              }
            }
          >
            <TextInput
              editable={true}
              maxLength={64}
              onChangeText={[Function]}
              placeholder=" Yield"
              placeholderTextColor="#86939e"
              style={
                {
                  "color": "#242424",
                  "flex": 1,
                  "fontSize": 16,
                  "minHeight": 40,
                }
              }
              testID="RNE__Input__text-input"
              underlineColorAndroid="transparent"
            />
          </View>
          <Text
            style={
              {
                "color": "#ff190c",
                "fontSize": 12,
                "margin": 5,
              }
            }
          />
        </View>
        <Text
          style={
            [
              {
                "alignSelf": "flex-start",
                "backgroundColor": "white",
                "borderColor": "white",
                "fontFamily": "Domine-Regular",
                "fontSize": 16,
                "marginLeft": "15%",
                "marginTop": -15,
                "zIndex": 10,
              },
              false,
            ]
          }
        >
          Visible
        </Text>
        <View
          style={
            {
              "paddingHorizontal": 10,
              "width": "100%",
            }
          }
        >
          <View
            collapsable={false}
            style={
              {
                "alignItems": "center",
                "backgroundColor": "white",
                "borderBottomWidth": 2,
                "borderColor": "#1E1E1E",
                "borderRadius": 12,
                "borderWidth": 2,
                "flexDirection": "row",
                "height": 40,
                "marginLeft": "5%",
                "marginRight": "5%",
                "marginTop": -5,
                "overflow": "hidden",
                "transform": [
                  {
                    "translateX": 0,
                  },
                ],
                "width": "90%",
                "zIndex": 1,
              }
            }
          >
            <TextInput
              editable={true}
              maxLength={64}
              onChangeText={[Function]}
              placeholder=" Visibility"
              placeholderTextColor="#86939e"
              style={
                {
                  "color": "#242424",
                  "flex": 1,
                  "fontSize": 16,
                  "minHeight": 40,
                }
              }
              testID="RNE__Input__text-input"
              underlineColorAndroid="transparent"
            />
          </View>
          <Text
            style={
              {
                "color": "#ff190c",
                "fontSize": 12,
                "margin": 5,
              }
            }
          />
        </View>
      </View>
    </RCTScrollView>
    <View />
  </View>
</View>
`;
