// Jest Snapshot v1, https://goo.gl/fbAQLP

exports[`<cropsPage/> renders correctly 1`] = `<cropsPage />`;
