// Jest Snapshot v1, https://goo.gl/fbAQLP

exports[`<Crops/> renders correctly 1`] = `
<View
  style={
    {
      "flex": 1,
    }
  }
>
  <Text
    style={
      {
        "alignContent": "center",
        "backgroundColor": "#F1DDBF",
        "borderColor": "#20232a",
        "borderWidth": 1,
        "flex": 0.3,
        "fontFamily": "Domine-Medium",
        "fontSize": 42,
        "padding": 10,
        "textAlign": "right",
      }
    }
  >
    My Crops
  </Text>
  <View
    style={
      {
        "backgroundColor": "#97A5BF",
        "flex": 3,
        "marginBottom": "auto",
      }
    }
  >
    <View
      style={
        {
          "backgroundColor": "#FFFADA",
          "borderColor": "#20232a",
          "borderRadius": 8,
          "borderWidth": 1,
          "fontSize": 38,
          "marginHorizontal": 20,
          "marginTop": 60,
          "padding": 30,
          "textAlign": "center",
        }
      }
    >
      <View
        accessibilityState={
          {
            "busy": undefined,
            "checked": undefined,
            "disabled": undefined,
            "expanded": undefined,
            "selected": undefined,
          }
        }
        accessibilityValue={
          {
            "max": undefined,
            "min": undefined,
            "now": undefined,
            "text": undefined,
          }
        }
        accessible={true}
        collapsable={false}
        focusable={true}
        onBlur={[Function]}
        onClick={[Function]}
        onFocus={[Function]}
        onResponderGrant={[Function]}
        onResponderMove={[Function]}
        onResponderRelease={[Function]}
        onResponderTerminate={[Function]}
        onResponderTerminationRequest={[Function]}
        onStartShouldSetResponder={[Function]}
        testID="addCrops"
      >
        <Text
          style={
            {
              "fontFamily": "Domine-Regular",
              "fontSize": 32,
              "textAlign": "center",
            }
          }
        >
          Add Crop
        </Text>
      </View>
    </View>
    <View
      style={
        {
          "backgroundColor": "#FFFADA",
          "borderColor": "#20232a",
          "borderRadius": 8,
          "borderWidth": 1,
          "fontSize": 38,
          "marginHorizontal": 20,
          "marginTop": 60,
          "padding": 30,
          "textAlign": "center",
        }
      }
    >
      <View
        accessibilityState={
          {
            "busy": undefined,
            "checked": undefined,
            "disabled": undefined,
            "expanded": undefined,
            "selected": undefined,
          }
        }
        accessibilityValue={
          {
            "max": undefined,
            "min": undefined,
            "now": undefined,
            "text": undefined,
          }
        }
        accessible={true}
        collapsable={false}
        focusable={true}
        onBlur={[Function]}
        onClick={[Function]}
        onFocus={[Function]}
        onResponderGrant={[Function]}
        onResponderMove={[Function]}
        onResponderRelease={[Function]}
        onResponderTerminate={[Function]}
        onResponderTerminationRequest={[Function]}
        onStartShouldSetResponder={[Function]}
      >
        <Text
          style={
            {
              "fontFamily": "Domine-Regular",
              "fontSize": 32,
              "textAlign": "center",
            }
          }
        >
          View Crop
        </Text>
      </View>
    </View>
    <View
      style={
        {
          "alignItems": "center",
          "height": 130,
          "marginTop": "auto",
          "width": "100%",
        }
      }
      testID="navbar-light"
    >
      <View
        style={
          {
            "backgroundColor": "clear",
            "flex": 20,
            "height": "auto",
            "marginHorizontal": "auto",
            "width": "100%",
          }
        }
      >
        <View
          style={
            [
              {
                "flexDirection": "row",
              },
              null,
              {
                "height": 50,
              },
            ]
          }
        >
          <View
            style={
              [
                {
                  "flex": 4,
                },
                {
                  "justifyContent": "center",
                  "paddingLeft": 5,
                },
                {
                  "alignItems": "center",
                },
              ]
            }
          />
          <View
            style={
              [
                {
                  "flex": 4,
                },
                {
                  "justifyContent": "center",
                  "paddingLeft": 5,
                },
                {
                  "alignItems": "center",
                },
              ]
            }
          />
          <View
            style={
              [
                {
                  "flex": 4,
                },
                {
                  "justifyContent": "center",
                  "paddingLeft": 5,
                },
                {
                  "alignItems": "center",
                },
              ]
            }
          >
            <View
              style={
                {
                  "alignItems": "center",
                  "backgroundColor": "#F1DDBF",
                  "borderRadius": 40,
                  "height": 80,
                  "justifyContent": "center",
                  "marginBottom": -83,
                  "width": 80,
                }
              }
            />
          </View>
          <View
            style={
              [
                {
                  "flex": 4,
                },
                {
                  "justifyContent": "center",
                  "paddingLeft": 5,
                },
                {
                  "alignItems": "center",
                },
              ]
            }
          />
          <View
            style={
              [
                {
                  "flex": 4,
                },
                {
                  "justifyContent": "center",
                  "paddingLeft": 5,
                },
                {
                  "alignItems": "center",
                },
              ]
            }
          />
        </View>
      </View>
      <View
        style={
          {
            "backgroundColor": "#F1DDBF",
            "flex": 20,
            "height": 100,
            "marginHorizontal": "auto",
            "width": "100%",
          }
        }
      >
        <View
          style={
            [
              {
                "flexDirection": "row",
              },
              null,
              {
                "height": 35,
              },
            ]
          }
        >
          <View
            style={
              [
                {
                  "flex": 4,
                },
                {
                  "justifyContent": "center",
                  "paddingLeft": 5,
                },
                {
                  "alignItems": "center",
                },
              ]
            }
          >
            <View
              accessibilityState={
                {
                  "busy": undefined,
                  "checked": undefined,
                  "disabled": undefined,
                  "expanded": undefined,
                  "selected": undefined,
                }
              }
              accessibilityValue={
                {
                  "max": undefined,
                  "min": undefined,
                  "now": undefined,
                  "text": undefined,
                }
              }
              accessible={true}
              collapsable={false}
              focusable={true}
              onClick={[Function]}
              onResponderGrant={[Function]}
              onResponderMove={[Function]}
              onResponderRelease={[Function]}
              onResponderTerminate={[Function]}
              onResponderTerminationRequest={[Function]}
              onStartShouldSetResponder={[Function]}
              style={
                {
                  "opacity": 1,
                }
              }
              testID="crops"
            >
              <Text
                allowFontScaling={false}
                selectable={false}
                style={
                  [
                    {
                      "color": "#00DC40",
                      "fontSize": 35,
                    },
                    undefined,
                    {
                      "fontFamily": "material-community",
                      "fontStyle": "normal",
                      "fontWeight": "normal",
                    },
                    {},
                  ]
                }
              >
                Û±îê
              </Text>
            </View>
          </View>
          <View
            style={
              [
                {
                  "flex": 4,
                },
                {
                  "justifyContent": "center",
                  "paddingLeft": 5,
                },
                {
                  "alignItems": "center",
                },
              ]
            }
          >
            <View
              accessibilityState={
                {
                  "busy": undefined,
                  "checked": undefined,
                  "disabled": undefined,
                  "expanded": undefined,
                  "selected": undefined,
                }
              }
              accessibilityValue={
                {
                  "max": undefined,
                  "min": undefined,
                  "now": undefined,
                  "text": undefined,
                }
              }
              accessible={true}
              collapsable={false}
              focusable={true}
              onClick={[Function]}
              onResponderGrant={[Function]}
              onResponderMove={[Function]}
              onResponderRelease={[Function]}
              onResponderTerminate={[Function]}
              onResponderTerminationRequest={[Function]}
              onStartShouldSetResponder={[Function]}
              style={
                {
                  "opacity": 1,
                }
              }
              testID="todo"
            >
              <Text
                allowFontScaling={false}
                selectable={false}
                style={
                  [
                    {
                      "color": "#78938A",
                      "fontSize": 30,
                    },
                    undefined,
                    {
                      "fontFamily": "material-community",
                      "fontStyle": "normal",
                      "fontWeight": "normal",
                    },
                    {},
                  ]
                }
              >
                Û±ì©
              </Text>
            </View>
          </View>
          <View
            style={
              [
                {
                  "flex": 4,
                },
                {
                  "justifyContent": "center",
                  "paddingLeft": 5,
                },
                {
                  "alignItems": "center",
                },
              ]
            }
          >
            <View
              accessibilityState={
                {
                  "busy": undefined,
                  "checked": undefined,
                  "disabled": undefined,
                  "expanded": undefined,
                  "selected": undefined,
                }
              }
              accessibilityValue={
                {
                  "max": undefined,
                  "min": undefined,
                  "now": undefined,
                  "text": undefined,
                }
              }
              accessible={true}
              collapsable={false}
              focusable={true}
              onClick={[Function]}
              onResponderGrant={[Function]}
              onResponderMove={[Function]}
              onResponderRelease={[Function]}
              onResponderTerminate={[Function]}
              onResponderTerminationRequest={[Function]}
              onStartShouldSetResponder={[Function]}
              style={
                {
                  "alignItems": "center",
                  "backgroundColor": "#00AF33",
                  "borderRadius": 27.5,
                  "height": 55,
                  "justifyContent": "center",
                  "marginTop": -30,
                  "opacity": 1,
                  "width": 55,
                }
              }
              testID="home-button"
            >
              <Text
                allowFontScaling={false}
                selectable={false}
                style={
                  [
                    {
                      "color": "#6FCC8A",
                      "fontSize": 35,
                    },
                    undefined,
                    {
                      "fontFamily": "material-community",
                      "fontStyle": "normal",
                      "fontWeight": "normal",
                    },
                    {},
                  ]
                }
              >
                Û∞ö°
              </Text>
            </View>
          </View>
          <View
            style={
              [
                {
                  "flex": 4,
                },
                {
                  "justifyContent": "center",
                  "paddingLeft": 5,
                },
                {
                  "alignItems": "center",
                },
              ]
            }
          >
            <View
              accessibilityState={
                {
                  "busy": undefined,
                  "checked": undefined,
                  "disabled": undefined,
                  "expanded": undefined,
                  "selected": undefined,
                }
              }
              accessibilityValue={
                {
                  "max": undefined,
                  "min": undefined,
                  "now": undefined,
                  "text": undefined,
                }
              }
              accessible={true}
              collapsable={false}
              focusable={true}
              onClick={[Function]}
              onResponderGrant={[Function]}
              onResponderMove={[Function]}
              onResponderRelease={[Function]}
              onResponderTerminate={[Function]}
              onResponderTerminationRequest={[Function]}
              onStartShouldSetResponder={[Function]}
              style={
                {
                  "opacity": 1,
                }
              }
              testID="datahub"
            >
              <Text
                allowFontScaling={false}
                selectable={false}
                style={
                  [
                    {
                      "color": "#78938A",
                      "fontSize": 35,
                    },
                    undefined,
                    {
                      "fontFamily": "material-community",
                      "fontStyle": "normal",
                      "fontWeight": "normal",
                    },
                    {},
                  ]
                }
              >
                Û±ïé
              </Text>
            </View>
          </View>
          <View
            style={
              [
                {
                  "flex": 4,
                },
                {
                  "justifyContent": "center",
                  "paddingLeft": 5,
                },
                {
                  "alignItems": "center",
                },
              ]
            }
          >
            <View
              accessibilityState={
                {
                  "busy": undefined,
                  "checked": undefined,
                  "disabled": undefined,
                  "expanded": undefined,
                  "selected": undefined,
                }
              }
              accessibilityValue={
                {
                  "max": undefined,
                  "min": undefined,
                  "now": undefined,
                  "text": undefined,
                }
              }
              accessible={true}
              collapsable={false}
              focusable={true}
              onClick={[Function]}
              onResponderGrant={[Function]}
              onResponderMove={[Function]}
              onResponderRelease={[Function]}
              onResponderTerminate={[Function]}
              onResponderTerminationRequest={[Function]}
              onStartShouldSetResponder={[Function]}
              style={
                {
                  "opacity": 1,
                }
              }
              testID="profile"
            >
              <Text
                allowFontScaling={false}
                selectable={false}
                style={
                  [
                    {
                      "color": "#78938A",
                      "fontSize": 35,
                    },
                    undefined,
                    {
                      "fontFamily": "material-community",
                      "fontStyle": "normal",
                      "fontWeight": "normal",
                    },
                    {},
                  ]
                }
              >
                Û∞Äì
              </Text>
            </View>
          </View>
        </View>
        <View
          style={
            [
              {
                "flexDirection": "row",
              },
              null,
              {
                "height": 25,
              },
            ]
          }
        >
          <View
            style={
              [
                {
                  "flex": 4,
                },
                {
                  "justifyContent": "center",
                  "paddingLeft": 5,
                },
                {
                  "alignItems": "center",
                },
              ]
            }
          >
            <View
              accessibilityState={
                {
                  "busy": undefined,
                  "checked": undefined,
                  "disabled": undefined,
                  "expanded": undefined,
                  "selected": undefined,
                }
              }
              accessibilityValue={
                {
                  "max": undefined,
                  "min": undefined,
                  "now": undefined,
                  "text": undefined,
                }
              }
              accessible={true}
              collapsable={false}
              focusable={true}
              onClick={[Function]}
              onResponderGrant={[Function]}
              onResponderMove={[Function]}
              onResponderRelease={[Function]}
              onResponderTerminate={[Function]}
              onResponderTerminationRequest={[Function]}
              onStartShouldSetResponder={[Function]}
              style={
                {
                  "opacity": 1,
                }
              }
            >
              <Text
                style={
                  {
                    "color": "#00DC40",
                    "fontFamily": "Domine-Regular",
                    "fontSize": 14,
                    "marginTop": 0,
                  }
                }
              >
                Crops
              </Text>
            </View>
          </View>
          <View
            style={
              [
                {
                  "flex": 4,
                },
                {
                  "justifyContent": "center",
                  "paddingLeft": 5,
                },
                {
                  "alignItems": "center",
                },
              ]
            }
          >
            <View
              accessibilityState={
                {
                  "busy": undefined,
                  "checked": undefined,
                  "disabled": undefined,
                  "expanded": undefined,
                  "selected": undefined,
                }
              }
              accessibilityValue={
                {
                  "max": undefined,
                  "min": undefined,
                  "now": undefined,
                  "text": undefined,
                }
              }
              accessible={true}
              collapsable={false}
              focusable={true}
              onClick={[Function]}
              onResponderGrant={[Function]}
              onResponderMove={[Function]}
              onResponderRelease={[Function]}
              onResponderTerminate={[Function]}
              onResponderTerminationRequest={[Function]}
              onStartShouldSetResponder={[Function]}
              style={
                {
                  "opacity": 1,
                }
              }
            >
              <Text
                style={
                  {
                    "color": "#78938A",
                    "fontFamily": "Domine-Regular",
                    "fontSize": 14,
                    "marginTop": 0,
                  }
                }
              >
                Notebook
              </Text>
            </View>
          </View>
          <View
            style={
              [
                {
                  "flex": 4,
                },
                {
                  "justifyContent": "center",
                  "paddingLeft": 5,
                },
                {
                  "alignItems": "center",
                },
              ]
            }
          >
            <View
              accessibilityState={
                {
                  "busy": undefined,
                  "checked": undefined,
                  "disabled": undefined,
                  "expanded": undefined,
                  "selected": undefined,
                }
              }
              accessibilityValue={
                {
                  "max": undefined,
                  "min": undefined,
                  "now": undefined,
                  "text": undefined,
                }
              }
              accessible={true}
              collapsable={false}
              focusable={true}
              onClick={[Function]}
              onResponderGrant={[Function]}
              onResponderMove={[Function]}
              onResponderRelease={[Function]}
              onResponderTerminate={[Function]}
              onResponderTerminationRequest={[Function]}
              onStartShouldSetResponder={[Function]}
              style={
                {
                  "opacity": 1,
                }
              }
            >
              <Text
                style={
                  {
                    "color": "#78938A",
                    "fontFamily": "Domine-Regular",
                    "fontSize": 14,
                    "marginTop": 0,
                  }
                }
              >
                Home
              </Text>
            </View>
          </View>
          <View
            style={
              [
                {
                  "flex": 4,
                },
                {
                  "justifyContent": "center",
                  "paddingLeft": 5,
                },
                {
                  "alignItems": "center",
                },
              ]
            }
          >
            <View
              accessibilityState={
                {
                  "busy": undefined,
                  "checked": undefined,
                  "disabled": undefined,
                  "expanded": undefined,
                  "selected": undefined,
                }
              }
              accessibilityValue={
                {
                  "max": undefined,
                  "min": undefined,
                  "now": undefined,
                  "text": undefined,
                }
              }
              accessible={true}
              collapsable={false}
              focusable={true}
              onClick={[Function]}
              onResponderGrant={[Function]}
              onResponderMove={[Function]}
              onResponderRelease={[Function]}
              onResponderTerminate={[Function]}
              onResponderTerminationRequest={[Function]}
              onStartShouldSetResponder={[Function]}
              style={
                {
                  "opacity": 1,
                }
              }
            >
              <Text
                style={
                  {
                    "color": "#78938A",
                    "fontFamily": "Domine-Regular",
                    "fontSize": 14,
                    "marginTop": 0,
                  }
                }
              >
                Data Hub
              </Text>
            </View>
          </View>
          <View
            style={
              [
                {
                  "flex": 4,
                },
                {
                  "justifyContent": "center",
                  "paddingLeft": 5,
                },
                {
                  "alignItems": "center",
                },
              ]
            }
          >
            <View
              accessibilityState={
                {
                  "busy": undefined,
                  "checked": undefined,
                  "disabled": undefined,
                  "expanded": undefined,
                  "selected": undefined,
                }
              }
              accessibilityValue={
                {
                  "max": undefined,
                  "min": undefined,
                  "now": undefined,
                  "text": undefined,
                }
              }
              accessible={true}
              collapsable={false}
              focusable={true}
              onClick={[Function]}
              onResponderGrant={[Function]}
              onResponderMove={[Function]}
              onResponderRelease={[Function]}
              onResponderTerminate={[Function]}
              onResponderTerminationRequest={[Function]}
              onStartShouldSetResponder={[Function]}
              style={
                {
                  "opacity": 1,
                }
              }
            >
              <Text
                style={
                  {
                    "color": "#78938A",
                    "fontFamily": "Domine-Regular",
                    "fontSize": 14,
                    "marginTop": 0,
                  }
                }
              >
                Profile
              </Text>
            </View>
          </View>
        </View>
      </View>
    </View>
  </View>
</View>
`;
