// Jest Snapshot v1, https://goo.gl/fbAQLP

exports[`Light Mode <BillingDetailsProfile/> renders correctly 1`] = `null`;
