// Jest Snapshot v1, https://goo.gl/fbAQLP

exports[`Light Mode <SettingsProfile/> renders correctly 1`] = `null`;
