// Jest Snapshot v1, https://goo.gl/fbAQLP

exports[`<WeatherSlider/> renders correctly 1`] = `
<h1>
  Letâ€™s work together
</h1>
`;
